Starting a Gradle Daemon (subsequent builds will be faster)
> Task :app:preBuild UP-TO-DATE
> Task :app:preDebugBuild UP-TO-DATE
> Task :app:mergeDebugNativeDebugMetadata NO-SOURCE
> Task :app:generateDebugBuildConfig UP-TO-DATE
> Task :app:generateDebugResources UP-TO-DATE
> Task :app:packageDebugResources UP-TO-DATE
> Task :app:processDebugNavigationResources UP-TO-DATE
> Task :app:parseDebugLocalResources UP-TO-DATE
> Task :app:generateDebugRFile UP-TO-DATE
> Task :app:javaPreCompileDebug UP-TO-DATE
> Task :app:generateDebugAssets UP-TO-DATE
> Task :app:mergeDebugAssets UP-TO-DATE
> Task :app:compressDebugAssets UP-TO-DATE
> Task :app:checkDebugDuplicateClasses UP-TO-DATE
> Task :app:desugarDebugFileDependencies UP-TO-DATE
> Task :app:mergeExtDexDebug UP-TO-DATE
> Task :app:mergeLibDexDebug UP-TO-DATE
> Task :app:checkDebugAarMetadata UP-TO-DATE
> Task :app:compileDebugNavigationResources UP-TO-DATE
> Task :app:mapDebugSourceSetPaths UP-TO-DATE
> Task :app:mergeDebugResources UP-TO-DATE
> Task :app:createDebugCompatibleScreenManifests UP-TO-DATE
> Task :app:extractDeepLinksDebug UP-TO-DATE
> Task :app:processDebugMainManifest UP-TO-DATE
> Task :app:processDebugManifest UP-TO-DATE
> Task :app:processDebugManifestForPackage UP-TO-DATE
> Task :app:processDebugResources UP-TO-DATE
> Task :app:mergeDebugJniLibFolders UP-TO-DATE
> Task :app:mergeDebugNativeLibs UP-TO-DATE
> Task :app:stripDebugDebugSymbols UP-TO-DATE
> Task :app:validateSigningDebug UP-TO-DATE
> Task :app:writeDebugAppMetadata UP-TO-DATE
> Task :app:writeDebugSigningConfigVersions UP-TO-DATE
> Task :app:kspDebugKotlin
> Task :app:compileDebugKotlin
w: file:///C:/Users/Sasuu/Downloads/glassmorphic-audio-player2/app/src/main/java/com/example/AudioDatabase.kt:36:22 'fun fallbackToDestructiveMigration(): RoomDatabase.Builder<AudioDatabase>' is deprecated. Replace by overloaded version with parameter to indicate if all tables should be dropped or not.
w: file:///C:/Users/Sasuu/Downloads/glassmorphic-audio-player2/app/src/main/java/com/example/GlassPlayerScreen.kt:901:58 'val Icons.Rounded.QueueMusic: ImageVector' is deprecated. Use the AutoMirrored version at Icons.AutoMirrored.Rounded.QueueMusic.
w: file:///C:/Users/Sasuu/Downloads/glassmorphic-audio-player2/app/src/main/java/com/example/GlassPlayerScreen.kt:1027:61 'val Icons.Rounded.ArrowBack: ImageVector' is deprecated. Use the AutoMirrored version at Icons.AutoMirrored.Rounded.ArrowBack.
w: file:///C:/Users/Sasuu/Downloads/glassmorphic-audio-player2/app/src/main/java/com/example/GlassPlayerScreen.kt:1119:69 'val Icons.Rounded.PlaylistAdd: ImageVector' is deprecated. Use the AutoMirrored version at Icons.AutoMirrored.Rounded.PlaylistAdd.
w: file:///C:/Users/Sasuu/Downloads/glassmorphic-audio-player2/app/src/main/java/com/example/GlassPlayerScreen.kt:1182:77 'val Icons.Rounded.QueueMusic: ImageVector' is deprecated. Use the AutoMirrored version at Icons.AutoMirrored.Rounded.QueueMusic.
w: file:///C:/Users/Sasuu/Downloads/glassmorphic-audio-player2/app/src/main/java/com/example/GlassPlayerScreen.kt:1891:36 'val Icons.Rounded.PlaylistAdd: ImageVector' is deprecated. Use the AutoMirrored version at Icons.AutoMirrored.Rounded.PlaylistAdd.
w: file:///C:/Users/Sasuu/Downloads/glassmorphic-audio-player2/app/src/main/java/com/example/GlassPlayerScreen.kt:1946:45 'val Icons.Rounded.ArrowBack: ImageVector' is deprecated. Use the AutoMirrored version at Icons.AutoMirrored.Rounded.ArrowBack.
w: file:///C:/Users/Sasuu/Downloads/glassmorphic-audio-player2/app/src/main/java/com/example/GlassPlayerScreen.kt:2259:65 'val Icons.Rounded.QueueMusic: ImageVector' is deprecated. Use the AutoMirrored version at Icons.AutoMirrored.Rounded.QueueMusic.
w: file:///C:/Users/Sasuu/Downloads/glassmorphic-audio-player2/app/src/main/java/com/example/GlassPlayerScreen.kt:3186:49 'val Icons.Rounded.QueueMusic: ImageVector' is deprecated. Use the AutoMirrored version at Icons.AutoMirrored.Rounded.QueueMusic.
w: file:///C:/Users/Sasuu/Downloads/glassmorphic-audio-player2/app/src/main/java/com/example/PlayerEngine.kt:315:36 'static field FLAG_HANDLES_MEDIA_BUTTONS: Int' is deprecated. Deprecated in Java.
w: file:///C:/Users/Sasuu/Downloads/glassmorphic-audio-player2/app/src/main/java/com/example/PlayerEngine.kt:316:40 'static field FLAG_HANDLES_TRANSPORT_CONTROLS: Int' is deprecated. Deprecated in Java.

> Task :app:compileDebugJavaWithJavac UP-TO-DATE
> Task :app:processDebugJavaRes UP-TO-DATE
> Task :app:mergeDebugJavaResource UP-TO-DATE
> Task :app:dexBuilderDebug
> Task :app:mergeProjectDexDebug
> Task :app:packageDebug
> Task :app:createDebugApkListingFileRedirect UP-TO-DATE
> Task :app:assembleDebug

BUILD SUCCESSFUL in 4m 4s
38 actionable tasks: 5 executed, 33 up-to-date
BUILD_EXIT:0
